******
** ngspice-44.2 : Circuit level simulation program
** Compiled with KLU Direct Linear Solver
** The U. C. Berkeley CAD Group
** Copyright 1985-1994, Regents of the University of California.
** Copyright 2001-2024, The ngspice team.
** Please get your ngspice manual from https://ngspice.sourceforge.io/docs.html
** Please file your bug-reports at http://ngspice.sourceforge.net/bugrep.html
** Creation Date: Wed Aug  6 06:44:43 UTC 2025
******
ERROR: (external)  no graphics interface;
 please check if X-server is running,
 or ngspice is compiled properly (see INSTALL)

Note: No compatibility mode selected!


Circuit: * minimal sensitivity analysis test

Doing analysis at TEMP = 27.000000 and TNOM = 27.000000

Using SPARSE 1.3 as Direct Linear Solver
Note: v1: has no value, DC 0 assumed

No. of Data Rows : 61
Doing analysis at TEMP = 27.000000 and TNOM = 27.000000

Using SPARSE 1.3 as Direct Linear Solver
Note: v1: has no value, DC 0 assumed
                      * minimal sensitivity analysis test
                      AC Analysis  Fri Aug  8 01:17:27  2025
--------------------------------------------------------------------------------
Index   frequency       v(out)                          
--------------------------------------------------------------------------------
0	1.000000e+03	1.000000e+00,	6.154799e-13	
1	1.122018e+03	1.000000e+00,	5.497269e-13	
2	1.258925e+03	1.000000e+00,	4.874573e-13	
3	1.412538e+03	1.000000e+00,	4.348882e-13	
4	1.584893e+03	1.000000e+00,	3.880785e-13	
5	1.778279e+03	1.000000e+00,	3.452655e-13	
6	1.995262e+03	1.000000e+00,	3.086004e-13	
7	2.238721e+03	1.000000e+00,	2.754186e-13	
8	2.511886e+03	1.000000e+00,	2.456368e-13	
9	2.818383e+03	1.000000e+00,	2.183254e-13	
10	3.162278e+03	1.000000e+00,	1.960446e-13	
11	3.548134e+03	1.000000e+00,	1.758663e-13	
12	3.981072e+03	1.000000e+00,	1.538422e-13	
13	4.466836e+03	1.000000e+00,	1.336847e-13	
14	5.011872e+03	1.000000e+00,	1.213890e-13	
15	5.623413e+03	1.000000e+00,	1.139470e-13	
16	6.309573e+03	1.000000e+00,	9.640552e-14	
17	7.079458e+03	1.000000e+00,	9.304016e-14	
18	7.943282e+03	1.000000e+00,	8.392939e-14	
19	8.912509e+03	1.000000e+00,	7.004120e-14	
20	1.000000e+04	1.000000e+00,	5.449807e-14	
21	1.122018e+04	1.000000e+00,	6.665328e-14	
22	1.258925e+04	1.000000e+00,	3.688716e-14	
23	1.412538e+04	1.000000e+00,	5.685730e-14	
24	1.584893e+04	1.000000e+00,	4.182245e-14	
25	1.778279e+04	1.000000e+00,	2.390969e-14	
26	1.995262e+04	1.000000e+00,	1.552751e-14	
27	2.238721e+04	1.000000e+00,	2.736960e-14	
28	2.511886e+04	1.000000e+00,	4.290925e-14	
29	2.818383e+04	1.000000e+00,	1.939681e-14	
30	3.162278e+04	1.000000e+00,	3.826627e-14	
31	3.548134e+04	1.000000e+00,	1.859884e-14	
32	3.981072e+04	1.000000e+00,	2.237967e-14	
33	4.466836e+04	1.000000e+00,	-1.90429e-15	
34	5.011872e+04	1.000000e+00,	-1.27689e-14	
35	5.623413e+04	1.000000e+00,	-3.85972e-14	
36	6.309573e+04	1.000000e+00,	9.405280e-14	
37	7.079458e+04	1.000000e+00,	1.633979e-14	
38	7.943282e+04	1.000000e+00,	-8.69712e-14	
39	8.912509e+04	1.000000e+00,	-3.26835e-14	
40	1.000000e+05	1.000000e+00,	-1.24770e-13	
41	1.122018e+05	1.000000e+00,	-4.62425e-14	
42	1.258925e+05	1.000000e+00,	-1.00410e-13	
43	1.412538e+05	1.000000e+00,	-9.99062e-14	
44	1.584893e+05	1.000000e+00,	4.064674e-15	
45	1.778279e+05	1.000000e+00,	-4.60427e-14	
46	1.995262e+05	1.000000e+00,	-7.31851e-14	
47	2.238721e+05	1.000000e+00,	1.803432e-13	
48	2.511886e+05	1.000000e+00,	9.876312e-14	
49	2.818383e+05	1.000000e+00,	3.045965e-13	
50	3.162278e+05	1.000000e+00,	-1.78657e-13	
51	3.548134e+05	1.000000e+00,	-3.16580e-13	
52	3.981072e+05	1.000000e+00,	2.370773e-13	
53	4.466836e+05	1.000000e+00,	1.762695e-13	
54	5.011872e+05	1.000000e+00,	-3.82147e-13	

Index   frequency       v(out)                          
--------------------------------------------------------------------------------
55	5.623413e+05	1.000000e+00,	-3.50562e-13	
56	6.309573e+05	1.000000e+00,	2.775096e-13	
57	7.079458e+05	1.000000e+00,	-2.95391e-14	
58	7.943282e+05	1.000000e+00,	-8.28548e-13	
59	8.912509e+05	1.000000e+00,	-1.70036e-13	
60	1.000000e+06	1.000000e+00,	3.737462e-13	
[?2004hngspice 6 -> exitexit
[?2004lexitexit: no such command available in ngspice
[?2004hngspice 7 -> exitexit
Interrupted once . . .
[?2004l[?2004hWarning: clearing control structures
ngspice 6 -> ext
Interrupted again (ouch)
[?2004l[?2004hWarning: clearing control structures
ngspice 7 -> 
Interrupted again (ouch)

Killing, since 3 interrupts have been requested


ERROR: fatal error in ngspice, exit(1)
